[conference.ifas.ufl.edu/forestsat/index.html]
[cdn.jsdelivr.net/npm/bootstrap@5.3.3/dist/css/bootstrap.min.css]
[cdn.jsdelivr.net/npm/bootstrap-icons@1.11.3/font/bootstrap-icons.min.css]
[conference.ifas.ufl.edu/forestsat/css/custom.css]
[conference.ifas.ufl.edu/forestsat/css/owlcarousel/owl.carousel.css]
[conference.ifas.ufl.edu/forestsat/css/owlcarousel/owl.theme.default.css]
[kit.fontawesome.com/ca76a7feb5.js]
[conference.ifas.ufl.edu/forestsat/images/favicon/apple-touch-icon.png]
[conference.ifas.ufl.edu/forestsat/images/favicon/favicon-32x32.png]
[conference.ifas.ufl.edu/forestsat/images/favicon/favicon-16x16.png]
[conference.ifas.ufl.edu/forestsat/images/favicon/site.webmanifest]
[backblue.gif]
[fade.gif]
[index.html]
[conference.ifas.ufl.edu/forestsat/executive-organizing-committee.html]
[conference.ifas.ufl.edu/forestsat/benefits-attending.html]
[conference.ifas.ufl.edu/forestsat/who-should-attend.html]
[conference.ifas.ufl.edu/forestsat/call-pre-conference-workshop-proposals.html]
[conference.ifas.ufl.edu/forestsat/call-session-proposals.html]
[conference.ifas.ufl.edu/forestsat/key-dates-deadlines.html]
[conference.ifas.ufl.edu/forestsat/agenda-glance.html]
[conference.ifas.ufl.edu/forestsat/agenda-glance-horiz.html]
[conference.ifas.ufl.edu/forestsat/program-presentation-topics.html]
[conference.ifas.ufl.edu/forestsat/meeting-site.html]
[conference.ifas.ufl.edu/forestsat/entry-into-united-states.html]
[conference.ifas.ufl.edu/forestsat/getting-to-gainesville.html]
[conference.ifas.ufl.edu/forestsat/about-gainesville.html]
[conference.ifas.ufl.edu/forestsat/things-to-do.html]
[conference.ifas.ufl.edu/forestsat/visiting-florida.html]
[conference.ifas.ufl.edu/forestsat/electricity-usa.html]
[conference.ifas.ufl.edu/forestsat/sponsorship-opportunities.html]
[conference.ifas.ufl.edu/forestsat/sponsor-display-information.html]
[conference.ifas.ufl.edu/forestsat/publicity-toolbox.html]
[conference.ifas.ufl.edu/forestsat/contact-us.html]
[conference.ifas.ufl.edu/forestsat/videos/bg-video.mp4]
[conference.ifas.ufl.edu/forestsat/images/poster-image.jpg]
[conference.ifas.ufl.edu/forestsat/images/headshots/Silva.jpg]
[conference.ifas.ufl.edu/forestsat/images/carousel/home-image4.jpg]
[conference.ifas.ufl.edu/forestsat/images/carousel/home-image5.jpg]
[conference.ifas.ufl.edu/forestsat/images/carousel/home-image6.jpg]
[conference.ifas.ufl.edu/forestsat/images/carousel/home-image3.jpg]
[conference.ifas.ufl.edu/forestsat/images/carousel/home-image7.jpg]
[conference.ifas.ufl.edu/forestsat/images/carousel/home-image9.jpg]
[conference.ifas.ufl.edu/forestsat/images/carousel/home-image1.jpg]
[conference.ifas.ufl.edu/forestsat/images/carousel/home-image8.jpg]
[conference.ifas.ufl.edu/forestsat/images/carousel/home-image10.jpg]
[conference.ifas.ufl.edu/forestsat/images/silvalab-hex-clip-trans-green.png]
[conference.ifas.ufl.edu/forestsat/images/ufifas-sffgs-white.png]
[conference.ifas.ufl.edu/forestsat/images/forest-sat-association-white.png]
[code.jquery.com/jquery-3.7.1.min.js]
[cdn.jsdelivr.net/npm/bootstrap@5.3.3/dist/js/bootstrap.bundle.min.js]
[cdn.jsdelivr.net/npm/@popperjs/core@2.11.8/dist/umd/popper.min.js]
[conference.ifas.ufl.edu/forestsat/index.html]
[conference.ifas.ufl.edu/forestsat/js/owl.carousel.js]
[cdn.jsdelivr.net/npm/bootstrap@5.3.3/dist/css/bootstrap.min.css]
[cdn.jsdelivr.net/npm/bootstrap-icons@1.11.3/font/fonts/bootstrap-icons0107.woff2]
[cdn.jsdelivr.net/npm/bootstrap-icons@1.11.3/font/fonts/bootstrap-icons0107.woff]
[cdn.jsdelivr.net/npm/bootstrap-icons@1.11.3/font/bootstrap-icons.min.css]
[conference.ifas.ufl.edu/forestsat/images/bg-image-horizontal.jpg]
[conference.ifas.ufl.edu/forestsat/images/bg-image8-dark2.jpg]
[conference.ifas.ufl.edu/forestsat/images/poster-image2.jpg]
[conference.ifas.ufl.edu/forestsat/css/custom.css]
[conference.ifas.ufl.edu/forestsat/css/owlcarousel/owl.video.play.39.delayed]
[conference.ifas.ufl.edu/forestsat/css/owlcarousel/owl.carousel.css]
[conference.ifas.ufl.edu/forestsat/css/owlcarousel/owl.theme.default.css]
[conference.ifas.ufl.edu/forestsat/images/favicon/site.html]
[conference.ifas.ufl.edu/forestsat/images/navbar-logo.svg]
[conference.ifas.ufl.edu/forestsat/images/headshots/Brock.jpg]
[conference.ifas.ufl.edu/forestsat/images/headshots/Bueno.jpg]
[conference.ifas.ufl.edu/forestsat/images/headshots/Vogel.jpg]
[conference.ifas.ufl.edu/forestsat/images/headshots/Atkins.jpg]
[conference.ifas.ufl.edu/forestsat/executive-organizing-committee.html]
[conference.ifas.ufl.edu/forestsat/images/headshots/Xia.jpg]
[conference.ifas.ufl.edu/forestsat/benefits-attending.html]
[conference.ifas.ufl.edu/forestsat/images/who.jpg]
[conference.ifas.ufl.edu/forestsat/who-should-attend.html]
[conference.ifas.ufl.edu/forestsat/documents/ForestSAT-2026-Call-Workshops-Template.docx]
[conference.ifas.ufl.edu/forestsat/session-proposal-form.html]
[conference.ifas.ufl.edu/forestsat/call-pre-conference-workshop-proposals.html]
[conference.ifas.ufl.edu/forestsat/documents/ForestSAT-2026-Call-Sessions-Template.docx]
[conference.ifas.ufl.edu/forestsat/call-session-proposals.html]
[conference.ifas.ufl.edu/forestsat/key-dates-deadlines.html]
[conference.ifas.ufl.edu/forestsat/agenda-glance.html]
[conference.ifas.ufl.edu/forestsat/agenda-glance-horiz.html]
[conference.ifas.ufl.edu/forestsat/program-presentation-topics.html]
[conference.ifas.ufl.edu/forestsat/images/hotel.jpg]
[conference.ifas.ufl.edu/forestsat/meeting-site.html]
[conference.ifas.ufl.edu/forestsat/entry-into-united-states.html]
[conference.ifas.ufl.edu/forestsat/images/GNV.png]
[conference.ifas.ufl.edu/forestsat/images/MCO.png]
[conference.ifas.ufl.edu/forestsat/images/Fly-Jax.png]
[conference.ifas.ufl.edu/forestsat/getting-to-gainesville.html]
[conference.ifas.ufl.edu/forestsat/images/downtown-gainesville.jpg]
[conference.ifas.ufl.edu/forestsat/about-gainesville.html]
[conference.ifas.ufl.edu/forestsat/images/Ichetucknee_thumb.jpg]
[conference.ifas.ufl.edu/forestsat/images/Blue_thumb.jpg]
[conference.ifas.ufl.edu/forestsat/images/Ginnie_thumb.jpg]
[conference.ifas.ufl.edu/forestsat/images/kanapaha_thumb.jpg]
[conference.ifas.ufl.edu/forestsat/images/paines_thumb.jpg]
[conference.ifas.ufl.edu/forestsat/images/cade_thumb.jpg]
[conference.ifas.ufl.edu/forestsat/images/fmnh_thumb.jpg]
[conference.ifas.ufl.edu/forestsat/images/bathouse_thumb.jpg]
[conference.ifas.ufl.edu/forestsat/images/devils_thumb.jpg]
[conference.ifas.ufl.edu/forestsat/things-to-do.html]
[conference.ifas.ufl.edu/forestsat/images/plan-your-visit.png]
[conference.ifas.ufl.edu/forestsat/visiting-florida.html]
[conference.ifas.ufl.edu/forestsat/images/electric-outlet.jpg]
[conference.ifas.ufl.edu/forestsat/electricity-usa.html]
[conference.ifas.ufl.edu/forestsat/documents/ForestSAT-2026-Sponsorship-Prospectus.pdf]
[conference.ifas.ufl.edu/forestsat/digital-exhibit-booth.html]
[conference.ifas.ufl.edu/forestsat/sponsorship-opportunities.html]
[conference.ifas.ufl.edu/forestsat/sponsor-form.html]
[conference.ifas.ufl.edu/forestsat/sponsor-display-information.html]
[conference.ifas.ufl.edu/forestsat/publicity/ForestSAT-2026-PPT-Plug.pptx]
[conference.ifas.ufl.edu/forestsat/images/ppt-thumb.jpg]
[conference.ifas.ufl.edu/forestsat/publicity/ForestSAT-2026-Postcard.pdf]
[conference.ifas.ufl.edu/forestsat/images/postcard-thumb.jpg]
[conference.ifas.ufl.edu/forestsat/publicity/ForestSAT-2026-logo-horizontal.png]
[conference.ifas.ufl.edu/forestsat/images/logo-thumb.jpg]
[conference.ifas.ufl.edu/forestsat/publicity-toolbox.html]
[conference.ifas.ufl.edu/forestsat/contact-us.html]
[conference.ifas.ufl.edu/forestsat/images/hero-logo.svg]
[conference.ifas.ufl.edu/forestsat/images/bg-image-horizontal.html]
[conference.ifas.ufl.edu/forestsat/images/bg-image8-dark2.html]
[conference.ifas.ufl.edu/forestsat/css/owlcarousel/owl.video.play.html]
[conference.ifas.ufl.edu/forestsat/session-proposal-form.html]
[conference.ifas.ufl.edu/forestsat/images/XYZ-Company.png]
[conference.ifas.ufl.edu/forestsat/images/XYZ-Video.png]
[conference.ifas.ufl.edu/forestsat/images/Joe-Salesrep.jpg]
[conference.ifas.ufl.edu/forestsat/digital-exhibit-booth.html]
[conference.ifas.ufl.edu/forestsat/sponsor-form.html]
